QcaQcaQcaQcaQcaQcaQcaQcaQcaQcaQcaQcaQcaQcaQcaQcaQcaQcaQcaQcaQcaQcaQcaQcaQcaQcaQc
aQcaQcaQcaQcaQcaQcaQcaQcaQcaQcaQcaQcaQcaQcaQcaQcaQcaQcaQcaQcaQcaQcaQcaQcaQcaQcaQ
caQcaQcaQcaQcaQcaQcaQcaQcaQcaQcaQcaQcaQcaQcaQcaQcaQcaQcaQcaQcaQcaQcaQcaQcaQcaQca
QcaQcaQcaQcaQcaQcaQcaQcaQcaQcaQcaQcaQcaQcaQcaQcaQcaQcaQcaQcaQcaQcaQcaQcaQcaQcaQc
aQcaQcaQcaQcaQcaQcaQcaQcaQcaQcaQcaQcaQcaQcaQcaQcaQcaQcaQcaQcaQcaQcaQcaQcaQcaQcaQ
caQcaQcaQakQcaQcaQcaQcaQcaQcaQcaQcaQcaQcaQcaQcaQcaQcaQcaQcaQcaQcaQcaQcaQcaQcaQca
QcaQcaQcaQcaQcaQcaQcaQcaQcaQcaQcaQcaQcaQcaQcaQcaQcaQcaQcaQcaQcaQcaQcaQcaQcaQcaQc
aQcaQcaQcaQcaQcaQcaQcaQcaQcaQcaQcaQcaQcaQcaQcaQcaQcaQcaQcaQcaQcaQcaQcaQcaQcaQcaQ
caQcaQcaQcaQcaQcaQcaQcaQcaQcaQcaQcaQcaQcaQcaQcaQcaQcaQcaQcaQcaQcaQcaQcaQcaQcaQca
QcaQcaQcaQcaQcaQcaQcaQcaQcaQcaQcaQcaQcaQcaQcaQcaQcaQcaQcaQcaQcaQcaQcaQcaQcaQcaQc
aQcaQcaQcaQcaQcaQcaQakQcaQcaQcaQcaQcaQcaQcaQcaQcaQcaQcaQcaQcaQcaQcaQcaQcaQcaQcaQ
caQcaQcaQcaQcaQcaQcaQcaQcaQcaQcaQcaQcaQcaQcaQcaQcaQcaQcaQcaQcaQcaQcaQcaQcaQcaQca
QcaQcaQcaQcaQcaQcaQcaQcaQcaQcaQcaQcaQcaQcaQcaQcaQcaQcaQcaQcaQcaQcaQcaQcaQcaQcaQc
aQcaQcaQcaQcaQcaQcaQcaQcaQcaQcaQcaQcaQcaQcaQcaQcaQcaQcaQcaQcaQcaQcaQcaQcaQcaQcaQ
caQcaQcaQcaQcaQcaQcaQcaQcaQcaQcaQcaQcaQcaQcaQcaQcaQcaQcaQcaQcaQcaQcaQcaQcaQcaQca
QcaQcaQcaQcaQcaQcaQcaQcaQcaQcaQakQcaQcaQcaQcaQcaQcaQcaQcaQcaQcaQcaQcaQcaQcaQcaQc
aQcaQcaQcaQcaQcaQcaQcaQcaQcaQcaQcaQcaQcaQcaQcaQcaQcaQcaQcaQcaQcaQcaQcaQcaQcaQcaQ
caQcaQcaQcaQcaQcaQcaQcaQcaQcaQcaQcaQcaQcaQcaQcaQcaQcaQcaQcaQcaQcaQcaQcaQcaQcaQca
QcaQcaQcaQcaQcaQcaQcaQcaQcaQcaQcaQcaQcaQcaQcaQcaQcaQcaQcaQcaQcaQcaQcaQcaQcaQcaQc
aQcaQcaQcaQcaQcaQcaQcaQcaQcaQcaQcaQcaQcaQcaQcaQcaQcaQcaQcaQcaQcaQcaQcaQcaQcaQcaQ
caQcaQcaQcaQcaQcaQcaQcaQcaQcaQcaQcaQcaQcaQakQcaQcaQcaQcaQcaQcaQcaQcaQcaQcaQcaQca
QcaQcaQcaQcaQcaQcaQcaQcaQcaQcaQcaQcaQcaQcaQcaQcaQcaQcaQcaQcaQcaQcaQcaQcaQcaQcaQc
aQcaQcaQcaQcaQcaQcaQcaQcaQcaQcaQcaQcaQcaQcaQcaQcaQcaQcaQcaQcaQcaQcaQcaQcaQcaQcaQ
caQcaQcaQcaQcaQcaQcaQcaQcaQcaQcaQcaQcaQcaQcaQcaQcaQcaQcaQcaQcaQcaQcaQcaQcaQcaQca
QcaQcaQcaQcaQcaQcaQcaQcaQcaQcaQcaQcaQcaQcaQcaQcaQcaQcaQcaQcaQcaQcaQcaQcaQcaQcaQc
aQcaQcaQcaQcaQcaQcaQcaQcaQcaQcaQcaQcaQcaQcaQcaQcaQcaQakQcaQcaQcaQcaQcaQcaQcaQcaQ
caQcaQcaQcaQcaQcaQcaQcaQcaQcaQcaQcaQcaQcaQcaQcaQcaQcaQcaQcaQcaQcaQcaQcaQcaQcaQca
QcaQcaQcaQcaQcaQcaQcaQcaQcaQcaQcaQcaQcaQcaQcaQcaQcaQcaQcaQcaQcaQcaQcaQcaQcaQcaQc
aQcaQcaQcaQcaQcaQcaQcaQcaQcaQcaQcaQcaQcaQcaQcaQcaQcaQcaQcaQcaQcaQcaQcaQcaQcaQcaQ
caQcaQcaQcaQcaQcaQcaQcaQcaQcaQcaQcaQcaQcaQcaQcaQcaQcaQcaQcaQcaQcaQcaQcaQcaQcaQca
QcaQcaQcaQcaQcaQcaQcaQcaQcaQcaQcaQcaQcaQcaQcaQcaQcaQcaQcaQcaQcaQakQcaQcaQcaQcaQc
aQcaQcaQcaQcaQcaQcaQcaQcaQcaQcaQcaQcaQcaQcaQcaQcaQcaQcaQcaQcaQcaQcaQcaQcaQcaQcaQ
caQcaQcaQcaQcaQcaQcaQcaQcaQcaQcaQcaQcaQcaQcaQcaQcaQcaQcaQcaQcaQcaQcaQcaQcaQcaQca
QcaQcaQcaQcaQcaQcaQcaQcaQcaQcaQcaQcaQcaQcaQcaQcaQcaQcaQcaQcaQcaQcaQcaQcaQcaQcaQc
aQcaQcaQcaQcaQcaQcaQcaQcaQcaQcaQcaQcaQcaQcaQcaQcaQcaQcaQcaQcaQcaQcaQcaQcaQcaQcaQ
caQcaQcaQcaQcaQcaQcaQcaQcaQcaQcaQcaQcaQcaQcaQcaQcaQcaQcaQcaQcaQcaQcaQcaQcaQakQca
QcaQcaQcaQcaQcaQcaQcaQcaQcaQcaQcaQcaQcaQcaQcaQcaQcaQcaQcaQcaQcaQcaQcaQcaQcaQcaQc
aQcaQcaQcaQcaQcaQcaQcaQcaQcaQcaQcaQcaQcaQcaQcaQcaQcaQcaQcaQcaQcaQcaQcaQcaQcaQcaQ
caQcaQcaQcaQcaQcaQcaQcaQcaQcaQcaQcaQcaQcaQcaQcaQcaQcaQcaQcaQcaQcaQcaQcaQcaQcaQca
QcaQcaQcaQcaQcaQcaQcaQcaQcaQcaQcaQcaQcaQcaQcaQcaQcaQcaQcaQcaQcaQcaQcaQcaQcaQcaQc
aQcaQcaQcaQcaQcaQcaQcaQcaQcaQcaQcaQcaQcaQcaQcaQcaQcaQcaQcaQcaQcaQcaQcaQcaQcaQcaQ
caQcaQcaQcaQcaQcaQcaQcaQcaQcaQcaQcaQcaQcaQcaQcaQcaQcaQcaQcaQcaQcaQcaQcaQcaQcaQca
QcaQcaQcaQcaQcaQcaQcaQcaQcaQcaQcaQcaQcaQcaQcaQcaQcaQcaQcaQcaQcaQcaQcaQcaQcaQcaQc
aQcaQcaQcaQcaQcaQcaQcaQcaQcaQcaQcaQcaQcaQcaQcaQcaQcaQcaQcaQcaQcaQcaQcaQcaQcaQcaQ
caQcaQcaQcaQcaQcaQcaQcaQcaQcaQcaQcaQcaQcaQcaQcaQcaQcaQcaQcaQcaQcaQcaQcaQcaQcaQca
QcaQcaQcaQcaQcaQcaQcaQcaQcaQcaQcaQcaQcaQcaQcaQcaQcaQcaQcaQcaQcaQcaQcaQcaQcaQcaQc
aQcaQcaQcaQcaQakQakQcaQcaQcaQcaQcaQcaQcaQcaQcaQcaQcaQcaQcaQcaQcaQcaQcaQcaQcaQcaQ
caQcaQcaQcaQcaQcaQcaQcaQcaQcaQcaQcaQcaQcaQcaQcaQcaQcaQcaQcaQcaQcaQcaQcaQcaQcaQca
QcaQcaQcaQcaQcaQcaQcaQcaQcaQcaQcaQcaQcaQcaQcaQcaQcaQcaQcaQcaQcaQcaQcaQcaQcaQcaQc
aQcaQcaQcaQcaQcaQcaQcaQcaQcaQcaQcaQcaQcaQcaQcaQcaQcaQcaQcaQcaQcaQcaQcaQcaQcaQcaQ
caQcaQcaQcaQcaQcaQcaQcaQcaQcaQcaQcaQcaQcaQcaQcaQcaQcaQcaQcaQcaQcaQcaQcaQcaQcaQca
QcaQcaQcaQcaQcaQcaQcaQcaQcaQcaQcaQcaQcaQcaQcaQcaQcaQcaQcaQcaQcaQcaQcaQcaQcaQcaQc
aQcaQcaQcaQcaQcaQcaQcaQcaQcaQcaQcaQcaQcaQcaQcaQcaQcaQcaQcaQcaQcaQcaQcaQcaQcaQcaQ
caQcaQcaQcaQcaQcaQcaQcaQcaQcaQcaQcaQcaQcaQcaQcaQcaQcaQcaQcaQcaQcaQcaQcaQcaQcaQca
QcaQcaQcaQcaQcaQcaQcaQcaQcaQcaQcaQcaQcaQcaQcaQcaQcaQcaQcaQcaQcaQcaQcaQcaQcaQcaQc
aQcaQcaQcaQcaQcaQcaQcaQcaQcaQcaQcaQcaQcaQcaQcaQcaQcaQcaQcaQcaQcaQcaQcaQcaQcaQcaQ
caQcaQcaQcaQcaQcaQcaQcaQakQcaQcaQcaQcaQcaQcaQcaQcaQcaQcaQcaQcaQcaQcaQcaQcaQcaQca
QcaQcaQcaQcaQcaQcaQcaQcaQcaQcaQcaQcaQcaQcaQcaQcaQcaQcaQcaQcaQcaQcaQcaQcaQcaQcaQc
aQcaQcaQcaQcaQcaQcaQcaQcaQcaQcaQcaQcaQcaQcaQcaQcaQcaQcaQcaQcaQcaQcaQcaQcaQcaQcaQ
caQcaQcaQcaQcaQcaQcaQcaQcaQcaQcaQcaQcaQcaQcaQcaQcaQcaQcaQcaQcaQcaQcaQcaQcaQcaQca
QcaQcaQcaQcaQcaQcaQcaQcaQcaQcaQcaQcaQcaQcaQcaQcaQcaQcaQcaQcaQcaQcaQcaQcaQcaQcaQc
aQcaQcaQcaQcaQcaQcaQcaQcaQcaQcaQcaQakQcaQcaQcaQcaQcaQcaQcaQcaQcaQcaQcaQcaQcaQcaQ
caQcaQcaQcaQcaQcaQcaQcaQcaQcaQcaQcaQcaQcaQcaQcaQcaQcaQcaQcaQcaQcaQcaQcaQcaQcaQca
QcaQcaQcaQcaQcaQcaQcaQcaQcaQcaQcaQcaQcaQcaQcaQcaQcaQcaQcaQcaQcaQcaQcaQcaQcaQcaQc
aQcaQcaQcaQcaQcaQcaQcaQcaQcaQcaQcaQcaQcaQcaQcaQcaQcaQcaQcaQcaQcaQcaQcaQcaQcaQcaQ
caQcaQcaQcaQcaQcaQcaQcaQcaQcaQcaQcaQcaQcaQcaQcaQcaQcaQcaQcaQcaQcaQcaQcaQcaQcaQca
QcaQcaQcaQcaQcaQcaQcaQcaQcaQcaQcaQcaQcaQcaQcaQcaQcaQcaQcaQcaQcaQcaQcaQcaQcaQcaQc
aQcaQcaQcaQcaQcaQcaQcaQcaQcaQcaQcaQcaQcaQcaQcaQcaQcaQcaQcaQcaQcaQcaQcaQcaQcaQcaQ
caQcaQcaQcaQcaQcaQcaQcaQcaQcaQcaQcaQcaQcaQcaQcaQcaQcaQcaQcaQcaQcaQcaQcaQcaQcaQca
QcaQcaQcaQcaQcaQcaQcaQcaQcaQcaQcaQcaQcaQcaQcaQcaQcaQcaQcaQcaQcaQcaQcaQcaQcaQcaQc
aQcaQcaQcaQcaQcaQcaQcaQcaQcaQcaQcaQcaQcaQcaQcaQcaQcaQcaQcaQcaQcaQcaQcaQcaQcaQcaQ
caQcaQcaQcaQcaQcaQcaQcaQcaQcaQcaQcaQcaQcaQcaQcaQcaQcaQakQakQakQakQakQakQakQakQak
QakQakQakQakQakQakQakQakQakQakQakQakQakQakQakQakQakQakQakQakQakQakQakQakQakQakQa
kQakQakQakQakQakQakQakQakQakQakQakQakQakQakQakQakQakQakQakQakQakQakQakQakQakQakQ
akQakQakQakQakQakQakQakQakQakQakQakQakQakQakQakQakQakQakQakQakQakQcaQcaQcaQcaQca
QcaQcaQcaQcaQcaQcaQcaQcaQcaQcaQcaQcaQcaQcaQcaQcaQcaQcaQcaQcaQcaQcaQcaQcaQcaQcaQc
aQcaQcaQcaQcaQcaQcaQcaQcaQcaQcaQcaQcaQcaQcaQcaQcaQcaQcaQcaQcaQcaQcaQcaQcaQcaQcaQ
caQcaQcaQcaQcaQcaQcaQcaQcaQcaQcaQcaQcaQcaQcaQcaQcaQcaQcaQcaQcaQcaQcaQcaQcaQcaQca
QcaQcaQcaQcaQcaQcaQcaQcaQcaQcaQcaQcaQcaQcaQcaQcaQcaQcaQcaQcaQcaQcaQcaQcaQcaQcaQc
aQcaQcaQcaQcaQcaQcaQcaQcaQcaQcaQcaQcaQcaQcaQcaQcaQcaQcaQcaQcaQcaQcaQcaQcaQcaQcaQ
caQcaQcaQcaQcaQcaQcaQcaQcaQcaQcaQcaQcaQcaQcaQcaQcaQcaQcaQcaQcaQcaQcaQcaQcaQcaQca
QcaQcaQcaQcaQcaQcaQcaQcaQcaQcaQcaQcaQcaQcaQcaQcaQcaQcaQcaQcaQcaQcaQcaQcaQcaQcaQc
aQcaQcaQcaQcaQcaQcaQcaQcaQcaQcaQcaQcaQcaQcaQcaQcaQcaQcaQcaQcaQcaQcaQcaQcaQcaQcaQ
caQcaQcaQcaQcaQcaQcaQcaQcaQcaQcaQcaQcaQcaQcaQcaQcaQcaQcaQcaQcaQcaQcaQcaQcaQcaQca
QcaQcaQcaQcaQcaQcaQcaQcaQcaQcaQcaQcaQcaQcaQcaQcaQcaQcaQcaQcaQcaQcaQcaQcaQcaQcaQc
a
